============================= test session starts =============================
platform win32 -- Python 3.14.0, pytest-9.0.2, pluggy-1.6.0 -- C:\Program Files\Python314\python.exe
cachedir: .pytest_cache
rootdir: C:\Users\Shruti kulkarni\Downloads\Refactron_lib
configfile: pyproject.toml
plugins: anyio-4.12.1, cov-7.0.0
collecting ... collected 2 items

tests/test_ai_autofix.py::TestAIAutoFixIntegration::test_high_confidence_magic_number_triggers_suggestion DEBUG: issue=S004, confidence=0.9
DEBUG: issue=S005, confidence=1.0
FAILED
tests/test_ai_autofix.py::TestAIAutoFixIntegration::test_low_confidence_does_not_trigger_suggestion DEBUG: issue=S004, confidence=0.5
DEBUG: issue=S005, confidence=1.0
FAILED

================================== FAILURES ===================================
_ TestAIAutoFixIntegration.test_high_confidence_magic_number_triggers_suggestion _

self = <tests.test_ai_autofix.TestAIAutoFixIntegration testMethod=test_high_confidence_magic_number_triggers_suggestion>

    def test_high_confidence_magic_number_triggers_suggestion(self):
        """Test that a high-confidence magic number triggers an AI suggestion."""
        source_code = "def area(radius):\n    return 3.14159 * radius * radius"
        file_path = Path("test_file.py")
    
        # Mock AI triage to return high confidence (0.9) for the magic number (rule S004)
        # The analyzer calls evaluate_issues_batch with (issues, source_code)
        # It expects a Dict[str, float]
        self.orchestrator.evaluate_issues_batch.return_value = {"S004": 0.9}
    
        # Mock AI suggestion generation
        proposed_code = "PI = 3.14159\n\ndef area(radius):\n    return PI * radius * radius"
        suggestion = RefactoringSuggestion(
            issue=MagicMock(spec=CodeIssue),
            original_code=source_code,
            context_files=[],
            proposed_code=proposed_code,
            explanation="Extracted magic number 3.14159 to constant PI",
            reasoning="Magic numbers reduce maintainability. Using a named constant is better.",
            model_name="mock-model",
            confidence_score=0.9,
            status=SuggestionStatus.PENDING
        )
        self.orchestrator.generate_suggestion.return_value = suggestion
    
        # Run analysis
        issues = self.analyzer.analyze(file_path, source_code)
    
        # Verify magic number issue was detected and has a suggestion
        magic_number_issue = next((i for i in issues if i.rule_id == "S004"), None)
        self.assertIsNotNone(magic_number_issue)
        self.assertEqual(magic_number_issue.suggestion, proposed_code)
        self.assertTrue(magic_number_issue.metadata.get("ai_fix_available"))
    
        # Verify engine can fix it using the AI suggestion
        self.assertTrue(self.engine.can_fix(magic_number_issue))
    
        # Apply the fix
        result = self.engine.fix(magic_number_issue, source_code, preview=False)
    
>       self.assertTrue(result.success)
E       AssertionError: False is not true

tests\test_ai_autofix.py:62: AssertionError
__ TestAIAutoFixIntegration.test_low_confidence_does_not_trigger_suggestion ___

self = <tests.test_ai_autofix.TestAIAutoFixIntegration testMethod=test_low_confidence_does_not_trigger_suggestion>

    def test_low_confidence_does_not_trigger_suggestion(self):
        """Test that a low-confidence issue does not trigger an AI suggestion."""
        source_code = "def area(radius):\n    return 3.14159 * radius * radius"
        file_path = Path("test_file.py")
    
        # Confidence (0.5) is above filtered threshold (0.3) but below auto-fix threshold (0.8)
        self.orchestrator.evaluate_issues_batch.return_value = {"S004": 0.5}
    
        # Run analysis
        issues = self.analyzer.analyze(file_path, source_code)
    
        # Verify magic number issue exists but NO suggestion was generated (stays default)
        magic_number_issue = next((i for i in issues if i.rule_id == "S004"), None)
        self.assertIsNotNone(magic_number_issue)
        self.assertEqual(magic_number_issue.suggestion, "Consider extracting this number into a named constant.")
>       self.orchestrator.generate_suggestion.assert_not_called()

tests\test_ai_autofix.py:82: 
_ _ _ _ _ _ _ _ _ _ _ _ _ _ _ _ _ _ _ _ _ _ _ _ _ _ _ _ _ _ _ _ _ _ _ _ _ _ _ _

self = <MagicMock name='mock.generate_suggestion' id='1994826208592'>

    def assert_not_called(self):
        """assert that the mock was never called.
        """
        if self.call_count != 0:
            msg = ("Expected '%s' to not have been called. Called %s times.%s"
                   % (self._mock_name or 'mock',
                      self.call_count,
                      self._calls_repr()))
>           raise AssertionError(msg)
E           AssertionError: Expected 'generate_suggestion' to not have been called. Called 1 times.
E           Calls: [call(CodeIssue(category=<IssueCategory.MAINTAINABILITY: 'maintainability'>, level=<IssueLevel.INFO: 'info'>, message="Function 'area' is missing a docstring", file_path=WindowsPath('test_file.py'), line_number=1, column=0, end_line=None, code_snippet=None, suggestion=<MagicMock name='mock.generate_suggestion().proposed_code' id='1994826209264'>, rule_id='S005', confidence=1.0, metadata={'validation_confidence': 1.0, 'ai_fix_available': True, 'ai_explanation': <MagicMock name='mock.generate_suggestion().explanation' id='1994826209936'>, 'ai_reasoning': <MagicMock name='mock.generate_suggestion().reasoning' id='1994826210272'>}), 'def area(radius):\n    return 3.14159 * radius * radius'),
E            call().proposed_code.__bool__()].

C:\Program Files\Python314\Lib\unittest\mock.py:946: AssertionError
============================== warnings summary ===============================
..\..\AppData\Roaming\Python\Python314\site-packages\chromadb\telemetry\opentelemetry\__init__.py:128
  C:\Users\Shruti kulkarni\AppData\Roaming\Python\Python314\site-packages\chromadb\telemetry\opentelemetry\__init__.py:128: DeprecationWarning: 'asyncio.iscoroutinefunction' is deprecated and slated for removal in Python 3.16; use inspect.iscoroutinefunction() instead
    if asyncio.iscoroutinefunction(f):

-- Docs: https://docs.pytest.org/en/stable/how-to/capture-warnings.html
=============================== tests coverage ================================
_______________ coverage: platform win32, python 3.14.0-final-0 _______________

Name                                                        Stmts   Miss  Cover
-------------------------------------------------------------------------------
refactron\__init__.py                                           7      0   100%
refactron\ai\__init__.py                                        0      0   100%
refactron\analyzers\__init__.py                                 0      0   100%
refactron\analyzers\base_analyzer.py                           15      2    87%
refactron\analyzers\code_smell_analyzer.py                    196     78    60%
refactron\analyzers\complexity_analyzer.py                     89     74    17%
refactron\analyzers\dead_code_analyzer.py                     135    119    12%
refactron\analyzers\dependency_analyzer.py                    147    127    14%
refactron\analyzers\performance_analyzer.py                   107     92    14%
refactron\analyzers\security_analyzer.py                      285    250    12%
refactron\analyzers\type_hint_analyzer.py                     119    103    13%
refactron\autofix\__init__.py                                   3      0   100%
refactron\autofix\engine.py                                    42     12    71%
refactron\autofix\file_ops.py                                  84     84     0%
refactron\autofix\fixers.py                                   322    221    31%
refactron\autofix\models.py                                    20      0   100%
refactron\cicd\__init__.py                                      6      6     0%
refactron\cicd\github_actions.py                               27     27     0%
refactron\cicd\gitlab_ci.py                                    20     20     0%
refactron\cicd\pr_integration.py                               87     87     0%
refactron\cicd\pre_commit.py                                   25     25     0%
refactron\cicd\quality_gates.py                               104    104     0%
refactron\cli.py                                             1604   1604     0%
refactron\core\__init__.py                                      3      0   100%
refactron\core\analysis_result.py                              88     61    31%
refactron\core\backup.py                                      237    196    17%
refactron\core\cache.py                                       110     94    15%
refactron\core\config.py                                       81     17    79%
refactron\core\config_loader.py                                80     63    21%
refactron\core\config_templates.py                             33     33     0%
refactron\core\config_validator.py                            112     97    13%
refactron\core\credentials.py                                  58     35    40%
refactron\core\device_auth.py                                  96     96     0%
refactron\core\exceptions.py                                   76     62    18%
refactron\core\false_positive_tracker.py                       38     38     0%
refactron\core\incremental.py                                 112     94    16%
refactron\core\logging_config.py                               59     44    25%
refactron\core\memory_profiler.py                             101     78    23%
refactron\core\metrics.py                                     124     91    27%
refactron\core\models.py                                       56      7    88%
refactron\core\parallel.py                                     92     77    16%
refactron\core\prometheus_metrics.py                          143    123    14%
refactron\core\refactor_result.py                              91     69    24%
refactron\core\refactron.py                                   342    294    14%
refactron\core\repositories.py                                 83     83     0%
refactron\core\telemetry.py                                   113     79    30%
refactron\core\workspace.py                                   111    111     0%
refactron\llm\__init__.py                                       3      0   100%
refactron\llm\backend_client.py                                44     36    18%
refactron\llm\client.py                                        32     22    31%
refactron\llm\models.py                                        27      0   100%
refactron\llm\orchestrator.py                                 121    101    17%
refactron\llm\prompts.py                                        4      0   100%
refactron\llm\safety.py                                        57     49    14%
refactron\multifile\__init__.py                                 0      0   100%
refactron\patterns\__init__.py                                  9      0   100%
refactron\patterns\fingerprint.py                             110     98    11%
refactron\patterns\learner.py                                 157    140    11%
refactron\patterns\learning_service.py                        102     86    16%
refactron\patterns\matcher.py                                  81     66    19%
refactron\patterns\models.py                                  171    101    41%
refactron\patterns\ranker.py                                  105     90    14%
refactron\patterns\storage.py                                 214    177    17%
refactron\patterns\tuner.py                                   118     91    23%
refactron\rag\__init__.py                                       3      0   100%
refactron\rag\chunker.py                                       65     45    31%
refactron\rag\indexer.py                                      121     87    28%
refactron\rag\parser.py                                       154    113    27%
refactron\rag\retriever.py                                     60     32    47%
refactron\refactorers\__init__.py                               0      0   100%
refactron\refactorers\add_docstring_refactorer.py             119    101    15%
refactron\refactorers\base_refactorer.py                       15      3    80%
refactron\refactorers\extract_method_refactorer.py             37     26    30%
refactron\refactorers\magic_number_refactorer.py               90     77    14%
refactron\refactorers\reduce_parameters_refactorer.py          54     42    22%
refactron\refactorers\simplify_conditionals_refactorer.py      43     31    28%
refactron\rules\__init__.py                                     0      0   100%
-------------------------------------------------------------------------------
TOTAL                                                        7999   6591    18%
Coverage HTML written to dir htmlcov
=========================== short test summary info ===========================
FAILED tests/test_ai_autofix.py::TestAIAutoFixIntegration::test_high_confidence_magic_number_triggers_suggestion - AssertionError: False is not true
FAILED tests/test_ai_autofix.py::TestAIAutoFixIntegration::test_low_confidence_does_not_trigger_suggestion - AssertionError: Expected 'generate_suggestion' to not have been called. Called 1 times.
Calls: [call(CodeIssue(category=<IssueCategory.MAINTAINABILITY: 'maintainability'>, level=<IssueLevel.INFO: 'info'>, message="Function 'area' is missing a docstring", file_path=WindowsPath('test_file.py'), line_number=1, column=0, end_line=None, code_snippet=None, suggestion=<MagicMock name='mock.generate_suggestion().proposed_code' id='1994826209264'>, rule_id='S005', confidence=1.0, metadata={'validation_confidence': 1.0, 'ai_fix_available': True, 'ai_explanation': <MagicMock name='mock.generate_suggestion().explanation' id='1994826209936'>, 'ai_reasoning': <MagicMock name='mock.generate_suggestion().reasoning' id='1994826210272'>}), 'def area(radius):\n    return 3.14159 * radius * radius'),
 call().proposed_code.__bool__()].
======================== 2 failed, 1 warning in 3.57s =========================
